// Jest Snapshot v1, https://goo.gl/fbAQLP

exports[`<SignUp /> it should mount 1`] = `"<span class=\\"signInHelper\\">auth.alreadyAnAccount<a href=\\"/signin\\">auth.signIn.title</a></span><div class=\\"MuiPaper-root AuthPaper MuiPaper-elevation1 MuiPaper-rounded\\"><h2 class=\\"title\\">auth.signUp.title</h2><form class=\\"form\\"><div class=\\"MuiFormControl-root MuiTextField-root textField MuiFormControl-fullWidth\\"><label class=\\"MuiFormLabel-root MuiInputLabel-root MuiInputLabel-formControl MuiInputLabel-animated MuiInputLabel-marginDense MuiInputLabel-outlined\\" data-shrink=\\"false\\">auth.signUp.email</label><div class=\\"MuiInputBase-root MuiOutlinedInput-root MuiInputBase-fullWidth MuiInputBase-formControl MuiInputBase-marginDense MuiOutlinedInput-marginDense\\"><input aria-invalid=\\"false\\" name=\\"email\\" type=\\"text\\" class=\\"MuiInputBase-input MuiOutlinedInput-input MuiInputBase-inputMarginDense MuiOutlinedInput-inputMarginDense\\" value=\\"\\"><fieldset aria-hidden=\\"true\\" class=\\"PrivateNotchedOutline-root-1 MuiOutlinedInput-notchedOutline\\"><legend class=\\"PrivateNotchedOutline-legendLabelled-3\\"><span>auth.signUp.email</span></legend></fieldset></div></div><div class=\\"MuiFormControl-root MuiTextField-root textField MuiFormControl-fullWidth\\"><label class=\\"MuiFormLabel-root MuiInputLabel-root MuiInputLabel-formControl MuiInputLabel-animated MuiInputLabel-marginDense MuiInputLabel-outlined\\" data-shrink=\\"false\\">auth.signUp.username</label><div class=\\"MuiInputBase-root MuiOutlinedInput-root MuiInputBase-fullWidth MuiInputBase-formControl MuiInputBase-marginDense MuiOutlinedInput-marginDense\\"><input aria-invalid=\\"false\\" name=\\"username\\" type=\\"text\\" class=\\"MuiInputBase-input MuiOutlinedInput-input MuiInputBase-inputMarginDense MuiOutlinedInput-inputMarginDense\\" value=\\"\\"><fieldset aria-hidden=\\"true\\" class=\\"PrivateNotchedOutline-root-1 MuiOutlinedInput-notchedOutline\\"><legend class=\\"PrivateNotchedOutline-legendLabelled-3\\"><span>auth.signUp.username</span></legend></fieldset></div></div><span class=\\"passwordHelper\\">auth.signUp.passwordHelper</span><div class=\\"MuiFormControl-root MuiTextField-root textField MuiFormControl-fullWidth\\"><label class=\\"MuiFormLabel-root MuiInputLabel-root MuiInputLabel-formControl MuiInputLabel-animated MuiInputLabel-marginDense MuiInputLabel-outlined\\" data-shrink=\\"false\\">auth.password</label><div class=\\"MuiInputBase-root MuiOutlinedInput-root MuiInputBase-fullWidth MuiInputBase-formControl MuiInputBase-marginDense MuiOutlinedInput-marginDense\\"><input aria-invalid=\\"false\\" name=\\"password\\" type=\\"password\\" class=\\"MuiInputBase-input MuiOutlinedInput-input MuiInputBase-inputMarginDense MuiOutlinedInput-inputMarginDense\\" value=\\"\\"><fieldset aria-hidden=\\"true\\" class=\\"PrivateNotchedOutline-root-1 MuiOutlinedInput-notchedOutline\\"><legend class=\\"PrivateNotchedOutline-legendLabelled-3\\"><span>auth.password</span></legend></fieldset></div></div><div class=\\"MuiFormControl-root MuiTextField-root textField MuiFormControl-fullWidth\\"><label class=\\"MuiFormLabel-root MuiInputLabel-root MuiInputLabel-formControl MuiInputLabel-animated MuiInputLabel-marginDense MuiInputLabel-outlined\\" data-shrink=\\"false\\">auth.signUp.confirmPassword</label><div class=\\"MuiInputBase-root MuiOutlinedInput-root MuiInputBase-fullWidth MuiInputBase-formControl MuiInputBase-marginDense MuiOutlinedInput-marginDense\\"><input aria-invalid=\\"false\\" name=\\"confirmPassword\\" type=\\"password\\" class=\\"MuiInputBase-input MuiOutlinedInput-input MuiInputBase-inputMarginDense MuiOutlinedInput-inputMarginDense\\" value=\\"\\"><fieldset aria-hidden=\\"true\\" class=\\"PrivateNotchedOutline-root-1 MuiOutlinedInput-notchedOutline\\"><legend class=\\"PrivateNotchedOutline-legendLabelled-3\\"><span>auth.signUp.confirmPassword</span></legend></fieldset></div></div><button class=\\"MuiButtonBase-root MuiButton-root MuiButton-contained submitButton loadingButton MuiButton-containedPrimary\\" tabindex=\\"0\\" type=\\"submit\\"><span class=\\"MuiButton-label\\">common.form.validate</span><span class=\\"MuiTouchRipple-root\\"></span></button></form></div>"`;
