// Jest Snapshot v1, https://goo.gl/fbAQLP

exports[`<Auth /> it should mount 1`] = `"<div class=\\"MuiContainer-root Auth  MuiContainer-maxWidthSm\\"><img class=\\"logo\\" alt=\\"logo\\" src=\\"/images/logo-48px.png\\"/></div>"`;
